[2026-08-14 01:35:19] ====================================
[2026-08-14 01:35:19] Desjardins parser started
[2026-08-14 01:35:19] PDFs found: 1
[2026-08-14 01:35:19] Processing aout-2025.pdf
[2026-08-14 01:35:20] Lines processed: 226
[2026-08-14 01:35:20] Created aout-2025.csv with 93 transactions
[2026-08-14 01:35:20] Parser finished
[2026-08-14 01:39:59] ====================================
[2026-08-14 01:39:59] Desjardins parser started
[2026-08-14 01:39:59] PDFs found: 1
[2026-08-14 01:39:59] Processing aout-2025.pdf
[2026-08-14 01:40:01] Lines processed: 226
[2026-08-14 01:40:01] Created aout-2025.csv with 93 transactions
[2026-08-14 01:40:01] Parser finished
[2026-08-14 02:00:01] ====================================
[2026-08-14 02:00:01] Desjardins parser started
[2026-08-14 02:00:01] PDFs found: 1
[2026-08-14 02:00:01] Processing aout-2025.pdf
[2026-08-14 02:00:01] Statement month: 8
[2026-08-14 02:00:01] Statement year: 2025
[2026-08-14 02:00:02] Lines processed: 227
[2026-08-14 02:00:02] Created aout-2025.csv with 93 transactions
[2026-08-14 02:00:02] Parser finished
[2026-08-14 02:05:14] ====================================
[2026-08-14 02:05:14] Desjardins parser started
[2026-08-14 02:05:14] PDFs found: 1
[2026-08-14 02:05:14] Processing aout-2025.pdf
[2026-08-14 02:05:15] Statement month: 8
[2026-08-14 02:05:15] Statement year: 2025
[2026-08-14 02:05:15] Lines processed: 227
[2026-08-14 02:05:15] Created aout-2025.csv with 93 transactions
[2026-08-14 02:05:15] Parser finished
[2026-08-14 02:06:07] ====================================
[2026-08-14 02:06:07] Desjardins parser started
[2026-08-14 02:06:07] PDFs found: 1
[2026-08-14 02:06:07] Processing aout-2025.pdf
[2026-08-14 02:06:08] Statement month: 8
[2026-08-14 02:06:08] Statement year: 2025
[2026-08-14 02:06:08] Lines processed: 227
[2026-08-14 02:06:08] Created aout-2025.csv with 93 transactions
[2026-08-14 02:06:08] Parser finished
[2026-08-14 02:07:48] ====================================
[2026-08-14 02:07:48] Desjardins parser started
[2026-08-14 02:07:48] PDFs found: 1
[2026-08-14 02:07:48] Processing aout-2025.pdf
[2026-08-14 02:07:48] Statement month: 8
[2026-08-14 02:07:48] Statement year: 2025
[2026-08-14 02:07:49] Lines processed: 227
[2026-08-14 02:07:49] Created aout-2025.csv with 93 transactions
[2026-08-14 02:07:49] Parser finished
[2026-08-14 02:11:29] ====================================
[2026-08-14 02:11:29] Desjardins parser started
[2026-08-14 02:11:29] PDFs found: 1
[2026-08-14 02:11:29] Processing aout-2025.pdf
[2026-08-14 02:11:29] Statement month: 8
[2026-08-14 02:11:29] Statement year: 2025
[2026-08-14 02:11:30] Lines processed: 227
[2026-08-14 02:11:30] Created aout-2025.csv with 93 transactions
[2026-08-14 02:11:30] Parser finished
[2026-08-14 02:13:46] ====================================
[2026-08-14 02:13:46] Desjardins parser started
[2026-08-14 02:13:46] PDFs found: 1
[2026-08-14 02:13:46] Processing aout-2025.pdf
[2026-08-14 02:13:47] Statement month: 8
[2026-08-14 02:13:47] Statement year: 2025
[2026-08-14 02:13:47] Lines processed: 227
[2026-08-14 02:13:47] Created aout-2025.csv with 93 transactions
[2026-08-14 02:13:47] Parser finished
[2026-08-14 02:14:57] ====================================
[2026-08-14 02:14:57] Desjardins parser started
[2026-08-14 02:14:57] PDFs found: 1
[2026-08-14 02:14:57] Processing aout-2025.pdf
[2026-08-14 02:14:57] Statement month: 8
[2026-08-14 02:14:57] Statement year: 2025
[2026-08-14 02:14:58] Lines processed: 227
[2026-08-14 02:14:58] Created aout-2025.csv with 93 transactions
[2026-08-14 02:14:58] Parser finished
[2026-08-14 02:16:08] ====================================
[2026-08-14 02:16:08] Desjardins parser started
[2026-08-14 02:16:08] PDFs found: 1
[2026-08-14 02:16:08] Processing aout-2025.pdf
[2026-08-14 02:16:08] Statement month: 8
[2026-08-14 02:16:08] Statement year: 2025
[2026-08-14 02:16:09] Lines processed: 227
[2026-08-14 02:16:09] Created aout-2025.csv with 93 transactions
[2026-08-14 02:16:09] Parser finished
[2026-08-14 02:27:20] ====================================
[2026-08-14 02:27:20] Desjardins parser started
[2026-08-14 02:27:20] PDFs found: 1
[2026-08-14 02:27:20] Processing janvier-2026.pdf
[2026-08-14 02:27:21] Statement month: 1
[2026-08-14 02:27:21] Statement year: 2026
[2026-08-14 02:27:21] Lines processed: 197
[2026-08-14 02:27:21] Created janvier-2026.csv with 85 transactions
[2026-08-14 02:27:21] Parser finished
[2026-08-14 14:36:37] ====================================
[2026-08-14 14:36:37] Desjardins parser started
[2026-08-14 14:36:37] PDFs found: 1
[2026-08-14 14:36:37] Processing janvier-2024.pdf
[2026-08-14 14:36:38] Statement month: 1
[2026-08-14 14:36:38] Statement year: 2024
[2026-08-14 14:36:38] Lines processed: 206
[2026-08-14 14:36:38] Created janvier-2024.csv with 96 transactions
[2026-08-14 14:36:38] Parser finished
[2026-08-14 14:39:01] ====================================
[2026-08-14 14:39:01] Desjardins parser started
[2026-08-14 14:39:01] PDFs found: 1
[2026-08-14 14:39:01] Processing décembre-2024.pdf
[2026-08-14 14:39:01] Statement month: 12
[2026-08-14 14:39:01] Statement year: 2024
[2026-08-14 14:39:02] Lines processed: 174
[2026-08-14 14:39:02] Created décembre-2024.csv with 74 transactions
[2026-08-14 14:39:02] Parser finished
[2026-08-14 14:40:48] ====================================
[2026-08-14 14:40:48] Desjardins parser started
[2026-08-14 14:40:48] PDFs found: 1
[2026-08-14 14:40:48] Processing aout-2026.pdf
[2026-08-14 14:40:48] Statement month: 8
[2026-08-14 14:40:48] Statement year: 2026
[2026-08-14 14:40:49] Lines processed: 185
[2026-08-14 14:40:49] Created aout-2026.csv with 73 transactions
[2026-08-14 14:40:49] Parser finished
[2026-08-17 13:41:07] ====================================
[2026-08-17 13:41:07] Desjardins parser started
[2026-08-17 13:41:07] PDFs found: 8
[2026-08-17 13:41:07] Processing 08-############0000-janvier-2026.pdf
[2026-08-17 13:41:08] Statement month: 1
[2026-08-17 13:41:08] Statement year: 2026
[2026-08-17 13:41:09] Lines processed: 197
[2026-08-17 13:41:09] Created 08-############0000-janvier-2026.csv with 85 transactions
[2026-08-17 13:41:09] Processing 01-############0000-août-2026.pdf
[2026-08-17 13:41:09] Statement month: 8
[2026-08-17 13:41:09] Statement year: 2026
[2026-08-17 13:41:10] Lines processed: 185
[2026-08-17 13:41:10] Created 01-############0000-août-2026.csv with 73 transactions
[2026-08-17 13:41:10] Processing 02-############0000-juillet-2026.pdf
[2026-08-17 13:41:10] Statement month: 7
[2026-08-17 13:41:10] Statement year: 2026
[2026-08-17 13:41:10] Lines processed: 190
[2026-08-17 13:41:10] Created 02-############0000-juillet-2026.csv with 78 transactions
[2026-08-17 13:41:10] Processing 03-############0000-juin-2026.pdf
[2026-08-17 13:41:11] Statement month: 6
[2026-08-17 13:41:11] Statement year: 2026
[2026-08-17 13:41:11] Lines processed: 198
[2026-08-17 13:41:11] Created 03-############0000-juin-2026.csv with 90 transactions
[2026-08-17 13:41:11] Processing 04-############0000-mai-2026.pdf
[2026-08-17 13:41:12] Statement month: 5
[2026-08-17 13:41:12] Statement year: 2026
[2026-08-17 13:41:12] Lines processed: 180
[2026-08-17 13:41:12] Created 04-############0000-mai-2026.csv with 68 transactions
[2026-08-17 13:41:12] Processing 05-############0000-avril-2026.pdf
[2026-08-17 13:41:13] Statement month: 4
[2026-08-17 13:41:13] Statement year: 2026
[2026-08-17 13:41:13] Lines processed: 186
[2026-08-17 13:41:13] Created 05-############0000-avril-2026.csv with 74 transactions
[2026-08-17 13:41:13] Processing 06-############0000-mars-2026.pdf
[2026-08-17 13:41:14] Statement month: 3
[2026-08-17 13:41:14] Statement year: 2026
[2026-08-17 13:41:14] Lines processed: 166
[2026-08-17 13:41:14] Created 06-############0000-mars-2026.csv with 58 transactions
[2026-08-17 13:41:14] Processing 07-############0000-février-2026.pdf
[2026-08-17 13:41:14] Statement month: 2
[2026-08-17 13:41:14] Statement year: 2026
[2026-08-17 13:41:15] Lines processed: 155
[2026-08-17 13:41:15] Created 07-############0000-février-2026.csv with 47 transactions
[2026-08-17 13:41:15] Parser finished
[2026-08-17 13:48:46] ====================================
[2026-08-17 13:48:46] Desjardins parser started
[2026-08-17 13:48:46] Parser version: 1.0
[2026-08-17 13:48:46] PDFs found: 8
[2026-08-17 13:48:46] Processing 08-############0000-janvier-2026.pdf
[2026-08-17 13:48:46] Statement month: 1
[2026-08-17 13:48:46] Statement year: 2026
[2026-08-17 13:48:47] Lines processed: 197
[2026-08-17 13:48:47] Created 08-############0000-janvier-2026.csv with 85 transactions
[2026-08-17 13:48:47] Processing 01-############0000-août-2026.pdf
[2026-08-17 13:48:47] Statement month: 8
[2026-08-17 13:48:47] Statement year: 2026
[2026-08-17 13:48:48] Lines processed: 185
[2026-08-17 13:48:48] Created 01-############0000-août-2026.csv with 73 transactions
[2026-08-17 13:48:48] Processing 02-############0000-juillet-2026.pdf
[2026-08-17 13:48:48] Statement month: 7
[2026-08-17 13:48:48] Statement year: 2026
[2026-08-17 13:48:48] Lines processed: 190
[2026-08-17 13:48:48] Created 02-############0000-juillet-2026.csv with 78 transactions
[2026-08-17 13:48:48] Processing 03-############0000-juin-2026.pdf
[2026-08-17 13:48:49] Statement month: 6
[2026-08-17 13:48:49] Statement year: 2026
[2026-08-17 13:48:49] Lines processed: 198
[2026-08-17 13:48:49] Created 03-############0000-juin-2026.csv with 90 transactions
[2026-08-17 13:48:49] Processing 04-############0000-mai-2026.pdf
[2026-08-17 13:48:50] Statement month: 5
[2026-08-17 13:48:50] Statement year: 2026
[2026-08-17 13:48:50] Lines processed: 180
[2026-08-17 13:48:50] Created 04-############0000-mai-2026.csv with 68 transactions
[2026-08-17 13:48:50] Processing 05-############0000-avril-2026.pdf
[2026-08-17 13:48:51] Statement month: 4
[2026-08-17 13:48:51] Statement year: 2026
[2026-08-17 13:48:51] Lines processed: 186
[2026-08-17 13:48:51] Created 05-############0000-avril-2026.csv with 74 transactions
[2026-08-17 13:48:51] Processing 06-############0000-mars-2026.pdf
[2026-08-17 13:48:52] Statement month: 3
[2026-08-17 13:48:52] Statement year: 2026
[2026-08-17 13:48:52] Lines processed: 166
[2026-08-17 13:48:52] Created 06-############0000-mars-2026.csv with 58 transactions
[2026-08-17 13:48:52] Processing 07-############0000-février-2026.pdf
[2026-08-17 13:48:52] Statement month: 2
[2026-08-17 13:48:52] Statement year: 2026
[2026-08-17 13:48:53] Lines processed: 155
[2026-08-17 13:48:53] Created 07-############0000-février-2026.csv with 47 transactions
[2026-08-17 13:48:53] Parser finished
[2026-08-17 14:21:11] ====================================
[2026-08-17 14:21:11] Desjardins parser started
[2026-08-17 14:21:11] Parser version: 2.0 coordinate test
[2026-08-17 14:21:11] PDFs found: 1
[2026-08-17 14:21:11] Processing 06-############0000-juillet-2025.pdf
[2026-08-17 14:21:11] Statement month: 7
[2026-08-17 14:21:11] Statement year: 2025
[2026-08-17 14:21:12] Lines processed: 204
[2026-08-17 14:21:12] Created 06-############0000-juillet-2025.csv with 92 transactions
[2026-08-17 14:21:12] Parser finished
